identity  18.690  (cps None)

single  797 events in window, +/-1 ticks each (1594 evaluations)
  race_ms   evt  steer  gas brk   k=-1      k=+1
      560     1    -3   1  0       DNF1?     DNF1?
      570     2    -9   1  0     =18.690     DNF1?
      580     3   -10   1  0     =18.690     DNF1?
      600     4   -12   1  0       DNF1?     DNF1?
      610     5   -14   1  0     =18.690     DNF1?
      620     6   -15   1  0     =18.690     DNF1?
      630     7   -17   1  0     =18.690     DNF1?
      640     8   -19   1  0     =18.690   ~19.440
      650     9   -20   1  0     =18.690     DNF1?
      660    10   -21   1  0     =18.690     DNF1?
      720    11   -20   1  0       DNF1?   ~19.360
      730    12   -19   1  0     =18.690     DNF1?
      860    13   -18   1  0       DNF1?     DNF1?
      870    14   -16   1  0     =18.690     DNF1?
      890    15   -15   1  0       DNF1?   ~19.483
      900    16   -13   1  0     =18.690     DNF1?
      910    17   -12   1  0     =18.690     DNF1?
      920    18    -9   1  0     =18.690     DNF1?
      930    19    -8   1  0     =18.690     DNF1?
      940    20    -6   1  0     =18.690   ~19.860
      960    21    -4   1  0       DNF1?     DNF1?
      970    22    -3   1  0     =18.690     DNF1?
      980    23     0   1  0     =18.690     DNF1?
     1270    24    -2   1  0       DNF1?     DNF1?
     1280    25    -5   1  0     =18.690   ~19.411
     1330    26    -8   1  0       DNF1?     DNF1?
     1340    27   -10   1  0     =18.690     DNF1?
     1350    28   -11   1  0     =18.690     DNF1?
     1360    29   -16   1  0     =18.690     DNF1?
     1370    30   -17   1  0     =18.690   ~19.371
     1380    31   -19   1  0     =18.690     DNF1?
     1410    32   -18   1  0       DNF1?     DNF1?
     1420    33   -16   1  0     =18.690     DNF1?
     1430    34   -12   1  0     =18.690     DNF1?
     1440    35    -4   1  0     =18.690   ~19.410
     1450    36     0   1  0     =18.690     DNF1?
     1730    37    -2   1  0       DNF1?     DNF1?
     1740    38    -3   1  0     =18.690     DNF1?
     1750    39    -6   1  0     =18.690     DNF1?
     1760    40    -7   1  0     =18.690     DNF1?
     1770    41   -10   1  0     =18.690     DNF1?
     1780    42   -11   1  0     =18.690   ~19.399
     1790    43   -13   1  0     =18.690     DNF1?
     1810    44   -14   1  0       DNF1?     DNF1?
     1980    45   -15   1  0       DNF1?     DNF1?
     2000    46   -14   1  0       DNF1?   ~19.465
     2010    47   -12   1  0     =18.690     DNF1?
     2020    48   -10   1  0     =18.690     DNF1?
     2030    49    -7   1  0     =18.690     DNF1?
     2040    50    -4   1  0     =18.690     DNF1?
     2050    51    -3   1  0     =18.690     DNF1?
     2090    52    -4   1  0       DNF1?     DNF1?
     2100    53    -5   1  0     =18.690     DNF1?
     2110    54    -7   1  0     =18.690     DNF1?
     2120    55    -9   1  0     =18.690     DNF1?
     2130    56   -13   1  0     =18.690     DNF1?
     2140    57   -15   1  0     =18.690     DNF1?
     2150    58   -16   1  0     =18.690     DNF1?
     2160    59   -19   1  0     =18.690     DNF1?
     2170    60   -20   1  0     =18.690   ~19.439
     2180    61   -21   1  0     =18.690     DNF1?
     2190    62   -22   1  0     =18.690     DNF1?
     2220    63   -23   1  0       DNF1?     DNF1?
     2230    64   -24   1  0     =18.690     DNF1?
     2280    65   -25   1  0       DNF1?     DNF1?
     2330    66   -24   1  0       DNF1?     DNF1?
     2340    67   -23   1  0     =18.690     DNF1?
     2350    68   -22   1  0     =18.690     DNF1?
     2370    69   -20   1  0       DNF1?     DNF1?
     2380    70   -18   1  0     =18.690     DNF1?
     2390    71   -15   1  0     =18.690     DNF1?
     2400    72   -13   1  0     =18.690     DNF1?
     2410    73    -8   1  0     =18.690     DNF1?
     2420    74    -4   1  0     =18.690     DNF1?
     2430    75    -2   1  0     =18.690     DNF1?
     2440    76     0   1  0     =18.690     DNF1?
     3190    77     1   1  0       DNF1?     DNF1?
     3200    78     2   1  0     =18.690     DNF1?
     3410    79     3   1  0       DNF1?     DNF1?
     3430    80     5   1  0       DNF1?     DNF1?
     3440    81     6   1  0     =18.690     DNF1?
     3450    82     7   1  0     =18.690     DNF1?
     3560    83     9   1  0       DNF1?     DNF1?
     3580    84    10   1  0       DNF1?     DNF1?
     3600    85    11   1  0       DNF1?     DNF1?
     3710    86    13   1  0       DNF1?     DNF1?
     3730    87    15   1  0       DNF1?     DNF1?
     3740    88    16   1  0     =18.690     DNF1?
     3750    89    18   1  0     =18.690     DNF1?
     3800    90    19   1  0       DNF1?     DNF1?
     3820    91    20   1  0       DNF1?     DNF1?
     3830    92    24   1  0     =18.690     DNF1?
     3840    93    25   1  0     =18.690     DNF1?
     3850    94    26   1  0     =18.690     DNF1?
     3860    95    28   1  0     =18.690     DNF1?
     3870    96    30   1  0     =18.690     DNF1?
     3890    97    31   1  0       DNF1?     DNF1?
     3920    98    30   1  0       DNF1?     DNF1?
     3970    99    31   1  0       DNF1?     DNF1?
     3980   100    33   1  0     =18.690     DNF1?
     4000   101    34   1  0       DNF1?     DNF1?
     4010   102    35   1  0     =18.690     DNF1?
     4020   103    36   1  0     =18.690     DNF1?
     4030   104    38   1  0     =18.690     DNF1?
     4050   105    40   1  0       DNF1?     DNF1?
     4060   106    41   1  0     =18.690     DNF1?
     4070   107    42   1  0     =18.690     DNF1?
     4170   108    41   1  0       DNF1?     DNF1?
     4190   109    39   1  0       DNF1?     DNF1?
     4210   110    38   1  0       DNF1?     DNF1?
     4240   111    37   1  0       DNF1?     DNF1?
     4270   112    36   1  0       DNF1?     DNF1?
     4290   113    34   1  0       DNF1?     DNF1?
     4300   114    32   1  0     =18.690     DNF1?
     4310   115    27   1  0     =18.690     DNF1?
     4320   116    24   1  0     =18.690     DNF1?
     4330   117    16   1  0     =18.690     DNF1?
     4340   118    12   1  0     =18.690     DNF1?
     4350   119     4   1  0     =18.690     DNF1?
     4360   120     1   1  0     =18.690     DNF1?
     4370   121     0   1  0     =18.690     DNF1?
     4490   122     3   1  0       DNF1?     DNF1?
     4500   123     6   1  0     =18.690     DNF1?
     4510   124    13   1  0     =18.690     DNF1?
     4520   125    16   1  0     =18.690     DNF1?
     4530   126    22   1  0     =18.690     DNF1?
     4540   127    25   1  0     =18.690   ~19.716
     4550   128    31   1  0     =18.690     DNF1?
     4560   129    32   1  0     =18.690     DNF1?
     4570   130    34   1  0     =18.690     DNF1?
     4580   131    35   1  0     =18.690     DNF1?
     4610   132    34   1  0       DNF1?     DNF1?
     4630   133    33   1  0       DNF1?     DNF1?
     4650   134    32   1  0       DNF1?     DNF1?
     4670   135    31   1  0       DNF1?     DNF1?
     4680   136    30   1  0     =18.690     DNF1?
     4690   137    27   1  0     =18.690     DNF1?
     4700   138    26   1  0     =18.690     DNF1?
     4710   139    25   1  0     =18.690     DNF1?
     4730   140    24   1  0       DNF1?     DNF1?
     4740   141    23   1  0     =18.690     DNF1?
     4770   142    22   1  0       DNF1?     DNF1?
     4830   143    21   1  0       DNF1?     DNF1?
     4860   144    20   1  0       DNF1?     DNF1?
     4870   145    19   1  0     =18.690     DNF1?
     4880   146    18   1  0     =18.690     DNF1?
     4960   147    15   1  0       DNF1?     DNF1?
     4980   148    14   1  0       DNF1?     DNF1?
     5000   149    12   1  0       DNF1?     DNF1?
     5010   150    11   1  0     =18.690     DNF1?
     5020   151    10   1  0     =18.690     DNF1?
     5040   152     7   1  0       DNF1?     DNF1?
     5120   153     8   1  0       DNF1?     DNF1?
     5130   154    10   1  0     =18.690     DNF1?
     5140   155    11   1  0     =18.690     DNF1?
     5150   156    12   1  0     =18.690     DNF1?
     5160   157    15   1  0     =18.690     DNF1?
     5170   158    18   1  0     =18.690     DNF1?
     5180   159    22   1  0     =18.690     DNF1?
     5190   160    23   1  0     =18.690     DNF1?
     5200   161    26   1  0     =18.690     DNF1?
     5210   162    29   1  0     =18.690     DNF1?
     5220   163    31   1  0     =18.690     DNF1?
     5260   164    30   1  0       DNF1?     DNF1?
     5270   165    28   1  0     =18.690     DNF1?
     5280   166    27   1  0     =18.690     DNF1?
     5290   167    25   1  0     =18.690     DNF1?
     5400   168    24   1  0       DNF1?     DNF1?
     5430   169    23   1  0       DNF1?     DNF1?
     5450   170    21   1  0       DNF1?     DNF1?
     5460   171    20   1  0     =18.690     DNF1?
     5470   172    15   1  0     =18.690     DNF1?
     5480   173    13   1  0     =18.690     DNF1?
     5490   174     8   1  0     =18.690     DNF1?
     5500   175     4   1  0     =18.690     DNF1?
     5510   176     0   1  0     =18.690     DNF1?
     5600   177     1   1  0       DNF1?     DNF1?
     5640   178     3   1  0       DNF1?     DNF1?
     5650   179     6   1  0     =18.690     DNF1?
     5660   180    12   1  0     =18.690     DNF1?
     5670   181    17   1  0     =18.690     DNF1?
     5680   182    20   1  0     =18.690     DNF1?
     5690   183    25   1  0     =18.690     DNF1?
     5700   184    26   1  0     =18.690     DNF1?
     5710   185    28   1  0     =18.690     DNF1?
     5720   186    30   1  0     =18.690   ~19.290
     5730   187    33   1  0     =18.690     DNF1?
     5770   188    32   1  0       DNF1?     DNF1?
     5820   189    30   1  0       DNF1?     DNF1?
     5830   190    29   1  0     =18.690     DNF1?
     5850   191    28   1  0       DNF1?     DNF1?
     5870   192    27   1  0       DNF1?     DNF1?
     5890   193    26   1  0       DNF1?     DNF1?
     5910   194    25   1  0       DNF1?     DNF1?
     5970   195    24   1  0       DNF1?     DNF1?
     5990   196    23   1  0       DNF1?     DNF1?
     6000   197    22   1  0     =18.690     DNF1?
     6010   198    21   1  0     =18.690     DNF1?
     6020   199    17   1  0     =18.690     DNF1?
     6030   200    12   1  0     =18.690     DNF1?
     6040   201    10   1  0     =18.690     DNF1?
     6050   202     4   1  0     =18.690     DNF1?
     6060   203     3   1  0     =18.690   ~19.290
     6090   204     5   1  0       DNF1?   ~19.463
     6100   205     6   1  0     =18.690     DNF1?
     6110   206     8   1  0     =18.690     DNF1?
     6120   207     9   1  0     =18.690     DNF1?
     6160   208    11   1  0       DNF1?   ~19.408
     6180   209    13   1  0       DNF1?     DNF1?
     6190   210    17   1  0     =18.690     DNF1?
     6200   211    20   1  0     =18.690     DNF1?
     6210   212    26   1  0     =18.690     DNF1?
     6220   213    29   1  0     =18.690     DNF1?
     6230   214    31   1  0     =18.690     DNF1?
     6240   215    32   1  0     =18.690     DNF1?
     6310   216    31   1  0       DNF1?     DNF1?
     6320   217    30   1  0     =18.690     DNF1?
     6330   218    29   1  0     =18.690     DNF1?
     6350   219    27   1  0       DNF1?     DNF1?
     6360   220    26   1  0     =18.690     DNF1?
     6370   221    23   1  0     =18.690     DNF1?
     6380   222    21   1  0     =18.690     DNF1?
     6390   223    17   1  0     =18.690     DNF1?
     6400   224    15   1  0     =18.690     DNF1?
     6410   225    12   1  0     =18.690     DNF1?
     6420   226     8   1  0     =18.690     DNF1?
     6430   227     6   1  0     =18.690     DNF1?
     6440   228     5   1  0     =18.690   ~18.795
     6450   229     4   1  0     =18.690     DNF1?
     6490   230     5   1  0       DNF1?     DNF1?
     6510   231     7   1  0     ~18.795     DNF1?
     6530   232     8   1  0       DNF1?     DNF1?
     6540   233     9   1  0     =18.690     DNF1?
     6550   234    10   1  0     =18.690     DNF1?
     6570   235    12   1  0     ~18.793     DNF1?
     6580   236    13   1  0     =18.690     DNF1?
     6590   237    17   1  0     =18.690     DNF1?
     6600   238    19   1  0     =18.690     DNF1?
     6610   239    24   1  0     =18.690     DNF1?
     6620   240    26   1  0     =18.690     DNF1?
     6630   241    29   1  0     =18.690     DNF1?
     6640   242    30   1  0     =18.690     DNF1?
     6650   243    31   1  0     =18.690     DNF1?
     6660   244    33   1  0     =18.690     DNF1?
     6690   245    31   1  0       DNF1?     DNF1?
     6720   246    30   1  0       DNF1?     DNF1?
     6770   247    29   1  0       DNF1?     DNF1?
     6780   248    28   1  0     =18.690     DNF1?
     6790   249    27   1  0     =18.690     DNF1?
     6800   250    26   1  0     =18.690     DNF1?
     6810   251    23   1  0     =18.690     DNF1?
     6830   252    21   1  0       DNF1?     DNF1?
     6850   253    19   1  0       DNF1?     DNF1?
     6870   254    18   1  0       DNF1?     DNF1?
     6890   255    15   1  0       DNF1?     DNF1?
     6900   256    13   1  0     =18.690     DNF1?
     6910   257    10   1  0     =18.690     DNF1?
     6920   258     9   1  0     =18.690     DNF1?
     6930   259     3   1  0     =18.690     DNF1?
     6940   260     1   1  0     =18.690     DNF1?
     6950   261     0   1  0     =18.690     DNF1?
     7050   262     2   1  0       DNF1?     DNF1?
     7060   263     4   1  0     =18.690     DNF1?
     7070   264     8   1  0     =18.690     DNF1?
     7080   265    10   1  0     =18.690     DNF1?
     7090   266    15   1  0     =18.690     DNF1?
     7100   267    17   1  0     =18.690     DNF1?
     7110   268    19   1  0     =18.690     DNF1?
     7120   269    20   1  0     =18.690     DNF1?
     7130   270    22   1  0     =18.690   ~20.756
     7140   271    23   1  0     =18.690     DNF1?
     7290   272    24   1  0       DNF1?   ~19.210
     7310   273    25   1  0       DNF1?   ~19.337
     7340   274    26   1  0       DNF1?     DNF1?
     7350   275    28   1  0     =18.690     DNF1?
     7370   276    24   1  0     ~19.436     DNF1?
     7430   277    23   1  0     ~19.485     DNF1?
     7440   278    22   1  0     =18.690     DNF1?
     7460   279    21   1  0     ~19.485     DNF1?
     7470   280    19   1  0     =18.690     DNF1?
     7490   281    17   1  0       DNF1?     DNF1?
     7500   282    16   1  0     =18.690     DNF1?
     7510   283    13   1  0     =18.690     DNF1?
     7520   284    10   1  0     =18.690     DNF1?
     7530   285     6   1  0     =18.690     DNF1?
     7540   286     5   1  0     =18.690     DNF1?
     7550   287     1   1  0     =18.690     DNF1?
     7560   288    -2   1  0     =18.690     DNF1?
     7570   289    -3   1  0     =18.690     DNF1?
     7620   290    -2   1  0       DNF1?   ~19.445
     7640   291    -1   1  0       DNF1?     DNF1?
     7650   292     0   1  0     =18.690   ~19.446
     7680   293    -3   1  0       DNF1?     DNF1?
     7690   294    -6   1  0     =18.690     DNF1?
     7700   295   -10   1  0     =18.690     DNF1?
     7710   296   -11   1  0     =18.690     DNF1?
     7720   297   -13   1  0     =18.690     DNF1?
     7730   298   -19   1  0     =18.690     DNF1?
     7740   299   -21   1  0     =18.690     DNF1?
     7750   300   -24   1  0     =18.690     DNF1?
     7760   301   -28   1  0     =18.690     DNF1?
     7770   302   -29   1  0     =18.690     DNF1?
     7780   303   -32   1  0     =18.690     DNF1?
     7790   304   -36   1  0     =18.690     DNF1?
     7800   305   -37   1  0     =18.690     DNF1?
     7810   306   -39   1  0     =18.690     DNF1?
     7830   307   -40   1  0     ~19.328     DNF1?
     7850   308   -48   1  0       DNF1?     DNF1?
     7860   309   -49   1  0     =18.690     DNF1?
     7900   310   -48   1  0       DNF1?     DNF1?
     7910   311   -47   1  0     =18.690     DNF1?
     7920   312   -46   1  0     =18.690     DNF1?
     7930   313   -45   1  0     =18.690   ~19.328
     7950   314   -43   1  0       DNF1?   ~19.438
     7990   315   -41   1  0       DNF1?     DNF1?
     8000   316   -40   1  0     =18.690   ~19.516
     8010   317   -39   1  0     =18.690   ~19.482
     8120   318   -40   1  0     ~19.395     DNF1?
     8130   319   -44   1  0     =18.690     DNF1?
     8140   320   -46   1  0     =18.690     DNF1?
     8150   321   -47   1  0     =18.690     DNF1?
     8160   322   -50   1  0     =18.690     DNF1?
     8170   323   -52   1  0     =18.690     DNF1?
     8180   324   -55   1  0     =18.690     DNF1?
     8190   325   -56   1  0     =18.690   ~19.253
     8200   326   -57   1  0     =18.690     DNF1?
     8210   327   -58   1  0     =18.690     DNF1?
     8300   328   -59   1  0     ~19.445     DNF1?
     8360   329   -60   1  0     ~19.445     DNF1?
     8370   330   -62   1  0     =18.690     DNF1?
     8380   331   -64   1  0     =18.690     DNF1?
     8390   332   -67   1  0     =18.690     DNF1?
     8400   333   -68   1  0     =18.690     DNF1?
     8410   334   -71   1  0     =18.690     DNF1?
     8420   335   -72   1  0     =18.690     DNF1?
     8430   336   -73   1  0     =18.690     DNF1?
     8440   337   -74   1  0     =18.690     DNF1?
     8450   338   -75   1  0     =18.690     DNF1?
     8460   339   -76   1  0     =18.690     DNF1?
     8470   340   -77   1  0     =18.690     DNF1?
     8490   341   -78   1  0     ~19.445     DNF1?
     8510   342   -79   1  0     ~19.445     DNF1?
     8590   343   -80   1  0       DNF1?     DNF1?
     8610   344   -81   1  0       DNF1?     DNF1?
     8690   345   -80   1  0       DNF1?     DNF1?
     8700   346   -79   1  0     =18.690     DNF1?
     8710   347   -78   1  0     =18.690     DNF1?
     8720   348   -76   1  0     =18.690     DNF1?
     8730   349   -72   1  0     =18.690     DNF1?
     8740   350   -70   1  0     =18.690     DNF1?
     8750   351   -67   1  0     =18.690     DNF1?
     8760   352   -63   1  0     =18.690     DNF1?
     8770   353   -60   1  0     =18.690     DNF1?
     8780   354   -56   1  0     =18.690   ~19.440
     8790   355   -53   1  0     =18.690   ~19.326
     8800   356   -50   1  0     =18.690   ~19.620
     8810   357   -48   1  0     =18.690   ~19.300
     8820   358   -44   1  0     =18.690   ~19.429
     8830   359   -43   1  0     =18.690   ~19.361
     8840   360   -41   1  0     =18.690   ~19.316
     8850   361   -40   1  0     =18.690     DNF1?
     8900   362   -39   1  0       DNF1?   ~19.286
     8910   363   -38   1  0     =18.690   ~19.303
     8920   364   -36   1  0     =18.690     DNF1?
     8940   365   -32   1  0       DNF1?     DNF1?
     8950   366   -31   1  0     =18.690     DNF1?
     8960   367   -33   1  0     =18.690     DNF1?
     8970   368   -35   1  0     =18.690     DNF1?
     8980   369   -36   1  0     =18.690     DNF1?
     8990   370   -37   1  0     =18.690     DNF1?
     9030   371   -38   1  0     ~19.498     DNF1?
     9040   372   -40   1  0     =18.690     DNF1?
     9050   373   -44   1  0     =18.690     DNF1?
     9060   374   -50   1  0     =18.690     DNF1?
     9070   375   -55   1  0     =18.690     DNF1?
     9080   376   -60   1  0     =18.690     DNF1?
     9090   377   -65   1  0     =18.690     DNF1?
     9100   378   -70   1  0     =18.690     DNF1?
     9110   379   -75   1  0     =18.690     DNF1?
     9120   380   -80   1  0     =18.690     DNF1?
     9130   381   -83   1  0     =18.690     DNF1?
     9140   382   -86   1  0     =18.690     DNF1?
     9150   383   -87   1  0     =18.690     DNF1?
     9180   384   -86   1  0       DNF1?     DNF1?
     9190   385   -82   1  0     =18.690     DNF1?
     9200   386   -79   1  0     =18.690     DNF1?
     9210   387   -74   1  0     =18.690     DNF1?
     9220   388   -69   1  0     =18.690     DNF1?
     9230   389   -59   1  0     =18.690     DNF1?
     9240   390   -50   1  0     =18.690     DNF1?
     9250   391   -33   1  0     =18.690     DNF1?
     9260   392   -23   1  0     =18.690     DNF1?
     9270   393    -7   1  0     =18.690   ~19.391
     9280   394    -3   1  0     =18.690   ~19.435
     9290   395    -1   1  0     =18.690   ~19.490
     9300   396     0   1  0     =18.690   ~19.225
     9380   397     1   1  0       DNF1?   ~19.532
     9430   398     0   1  0       DNF1?     DNF1?
     9560   399   -13   1  0     ~19.380     DNF1?
     9590   400   -19   1  0     ~18.690   ~18.690
     9630   401   -45   1  0     ~18.690     DNF1?
     9640   402   -51   1  0     =18.690     DNF1?
     9650   403   -61   1  0     =18.690     DNF1?
     9660   404   -64   1  0     =18.690     DNF1?
     9670   405   -71   1  0     =18.690     DNF1?
     9680   406   -74   1  0     =18.690     DNF1?
     9690   407   -78   1  0     =18.690     DNF1?
     9700   408   -80   1  0     =18.690     DNF1?
     9710   409   -82   1  0     =18.690     DNF1?
     9720   410   -84   1  0     =18.690     DNF1?
     9730   411   -85   1  0     =18.690     DNF1?
     9750   412   -82   1  0       DNF1?   ~19.418
     9760   413   -81   1  0     =18.690   ~19.380
     9770   414   -80   1  0     =18.690   ~19.408
     9780   415   -79   1  0     =18.690   ~18.800
     9880   416   -78   1  0       DNF1?   ~19.340
     9890   417   -77   1  0     =18.690   ~19.340
     9900   418   -75   1  0     =18.690   ~19.355
     9910   419   -74   1  0     =18.690   ~19.370
     9920   420   -71   1  0     =18.690   ~19.401
     9930   421   -69   1  0     =18.690   ~19.352
     9940   422   -68   1  0     =18.690   ~18.800
     9960   423   -64   1  0       DNF1?   ~19.376
     9970   424   -61   1  0     =18.690   ~19.381
     9980   425   -58   1  0     =18.690   ~19.380
     9990   426   -57   1  0     =18.690   ~18.797
    10010   427   -59   1  0     ~19.315     DNF1?
    10020   428   -60   1  0     =18.690     DNF1?
    10030   429   -62   1  0     =18.690     DNF1?
    10040   430   -63   1  0     =18.690     DNF1?
    10060   431   -64   1  0     ~18.800     DNF1?
    10070   432   -66   1  0     =18.690     DNF1?
    10080   433   -68   1  0     =18.690     DNF1?
    10090   434   -73   1  0     =18.690     DNF1?
    10100   435   -74   1  0     =18.690     DNF1?
    10110   436   -77   1  0     =18.690     DNF1?
    10120   437   -79   1  0     =18.690     DNF1?
    10130   438   -80   1  0     =18.690     DNF1?
    10140   439   -82   1  0     =18.690     DNF1?
    10170   440   -83   1  0     ~18.800     DNF1?
    10250   441   -82   1  0       DNF1?     DNF1?
    10260   442   -84   1  0     =18.690     DNF1?
    10270   443   -85   1  0     =18.690     DNF1?
    10300   444   -87   1  0     ~19.490     DNF1?
    10350   445   -86   1  0       DNF1?   ~19.490
    10360   446   -84   1  0     =18.690   ~19.318
    10370   447   -83   1  0     =18.690   ~18.798
    10390   448   -82   1  0       DNF1?   ~18.798
    10410   449   -81   1  0       DNF1?   ~18.798
    10430   450   -79   1  0       DNF1?   ~19.413
    10440   451   -78   1  0     =18.690   ~19.452
    10450   452   -73   1  0     =18.690   ~19.460
    10470   453   -68   1  0       DNF1?   ~19.360
    10480   454   -67   1  0     =18.690   ~19.430
    10490   455   -64   1  0     =18.690   ~19.492
    10560   456   -63   1  0       DNF1?   ~19.370
    10570   457   -61   1  0     =18.690   ~19.423
    10580   458   -60   1  0     =18.690   ~19.483
    10590   459   -59   1  0     =18.690   ~19.434
    10600   460   -58   1  0     =18.690   ~19.420
    10610   461   -56   1  0     =18.690   ~19.430
    10650   462   -58   1  0     ~19.430     DNF1?
    10670   463   -59   1  0     ~18.797     DNF1?
    10680   464   -60   1  0     =18.690     DNF1?
    10700   465   -61   1  0     ~18.797     DNF1?
    10710   466   -64   1  0     =18.690     DNF1?
    10740   467   -63   1  0       DNF1?   ~18.797
    10830   468   -64   1  0     ~18.797     DNF1?
    10920   469   -63   1  0       DNF1?   ~18.797
    10940   470   -61   1  0       DNF1?   ~19.456
    10960   471   -60   1  0       DNF1?   ~19.444
    10970   472   -59   1  0     =18.690   ~19.430
    10980   473   -58   1  0     =18.690   ~18.797
    11000   474   -57   1  0     ~18.692     DNF1?
    11010   475   -56   1  0     =18.690     DNF1?
    11020   476   -54   1  0     =18.690     DNF1?
    11030   477   -50   1  0     =18.690     DNF1?
    11040   478   -47   1  0     =18.690     DNF1?
    11050   479   -36   1  0     =18.690     DNF1?
    11060   480   -31   1  0     =18.690     DNF1?
    11070   481   -17   1  0     =18.690     DNF1?
    11080   482   -11   1  0     =18.690   ~19.480
    11090   483    -1   1  0     =18.690   ~19.280
    11100   484     0   1  0     =18.690   ~18.797
    11330   485     2   1  0       DNF1?     DNF1?
    11340   486     5   1  0     =18.690     DNF1?
    11350   487    10   1  0     =18.690     DNF1?
    11360   488    13   1  0     =18.690     DNF1?
    11370   489    15   1  0     =18.690     DNF1?
    11380   490    19   1  0     =18.690   ~19.510
    11390   491    22   1  0     =18.690   ~19.430
    11400   492    24   1  0     =18.690   ~19.437
    11410   493    26   1  0     =18.690   ~19.392
    11420   494    28   1  0     =18.690   ~19.361
    11430   495    34   1  0     =18.690     DNF1?
    11440   496    36   1  0     =18.690   ~19.353
    11450   497    39   1  0     =18.690   ~19.330
    11460   498    41   1  0     =18.690   ~19.422
    11470   499    42   1  0     =18.690   ~19.388
    11480   500    43   1  0     =18.690   ~19.445
    11490   501    44   1  0     =18.690   ~19.267
    11500   502    45   1  0     =18.690   ~19.331
    11510   503    47   1  0     =18.690   ~19.430
    11520   504    49   1  0     =18.690   ~19.380
    11530   505    50   1  0     =18.690   ~19.387
    11540   506    51   1  0     =18.690   ~19.408
    11550   507    52   1  0     =18.690   ~18.797
    11580   508    51   1  0     ~18.797     DNF1?
    11590   509    47   1  0     =18.690     DNF1?
    11600   510    46   1  0     =18.690   ~18.792
    11610   511    44   1  0     =18.690   ~18.795
    11620   512    43   1  0     =18.690   ~18.692
    11640   513    42   1  0     ~18.797   ~18.795
    11650   514    43   1  0     =18.690   ~19.607
    11660   515    44   1  0     =18.690   ~18.795
    11690   516    45   1  0     ~18.692   ~18.795
    11750   517    46   1  0     ~18.692   ~18.795
    11780   518    47   1  0     ~18.692   ~19.312
    11790   519    51   1  0     =18.690   ~19.316
    11800   520    53   1  0     =18.690   ~19.400
    11810   521    58   1  0     =18.690   ~19.374
    11820   522    60   1  0     =18.690   ~19.440
    11830   523    62   1  0     =18.690   ~19.368
    11840   524    63   1  0     =18.690   ~18.795
    11920   525    62   1  0     ~18.795   ~18.692
    11940   526    61   1  0     ~18.795   ~18.692
    11960   527    60   1  0     ~18.795   ~18.692
    11980   528    59   1  0     ~18.795   ~18.692
    12030   529    58   1  0     ~18.795   ~18.692
    12070   530    57   1  0     ~18.795   ~18.692
    12090   531    56   1  0     ~18.795   ~18.692
    12120   532    55   1  0     ~18.795   ~18.692
    12140   533    54   1  0     ~18.794     DNF1?
    12150   534    52   1  0     =18.690     DNF1?
    12160   535    51   1  0     =18.690     DNF1?
    12170   536    48   1  0     =18.690     DNF1?
    12180   537    44   1  0     =18.690     DNF1?
    12190   538    36   1  0     =18.690     DNF1?
    12200   539    32   1  0     =18.690     DNF1?
    12210   540    27   1  0     =18.690     DNF1?
    12220   541    25   1  0     =18.690   ~18.790
    12230   542    22   1  0     =18.690   ~18.792
    12240   543    19   1  0     =18.690   ~18.790
    12270   544    20   1  0     ~18.692   ~18.794
    12300   545    18   1  0     ~19.401   ~18.791
    12310   546    16   1  0     =18.690   ~18.792
    12320   547    15   1  0     =18.690   ~18.795
    12330   548    14   1  0     =18.690   ~18.790
    12340   549    13   1  0     =18.690   ~18.692
    12350   550    12   1  0     =18.690   ~18.692
    12370   551    13   1  0     ~18.692   ~19.368
    12380   552    14   1  0     =18.690   ~18.792
    12460   553    12   1  0     ~19.255   ~18.692
    12480   554    11   1  0     ~18.792   ~18.692
    12570   555    12   1  0     ~18.692   ~18.792
    12620   556    13   1  0     ~18.692   ~19.388
    12630   557    16   1  0     =18.690   ~19.460
    12650   558    17   1  0     ~18.692   ~19.279
    12660   559    18   1  0     =18.690   ~18.792
    12700   560    17   1  0     ~18.792   ~18.692
    12740   561    16   1  0     ~18.792   ~18.691
    12760   562    14   1  0     ~19.313   ~18.692
    12780   563    12   1  0     ~19.313   ~18.792
    12790   564    11   1  0     =18.690   ~18.794
    12800   565     7   1  0     =18.690   ~18.790
    12820   566     1   1  0     ~19.355   ~18.792
    12830   567     0   1  0     =18.690   ~18.691
    13340   568     5   1  0     ~18.790   ~19.520
    13520   569     0   1  0     ~19.469   ~18.695
    13610   570     1   1  0     ~18.691   ~18.795
    13620   571     2   1  0     =18.690   ~18.786
    13690   572     1   1  0     ~18.786   ~18.691
    13720   573     2   1  0     ~18.691   ~18.785
    13740   574     3   1  0     ~18.691   ~18.785
    13760   575     5   1  0     ~18.694   ~18.795
    13800   576     4   1  0     ~18.785   ~18.691
    13830   577     3   1  0     ~18.785   ~18.694
    13840   578     2   1  0     =18.690   ~18.691
    13900   579    -4   1  0     ~19.491   ~18.695
    13980   580    -5   1  0     ~18.785   ~18.691
    14000   581    21   1  0     ~18.789   ~19.410
    14010   582    25   1  0     =18.690   ~19.430
    14020   583    27   1  0     =18.690   ~19.558
    14030   584    29   1  0     =18.690   ~19.547
    14040   585    32   1  0     =18.690   ~18.799
    14090   586    30   1  0     ~18.792   ~18.694
    14150   587    32   1  0     ~18.694   ~19.484
    14160   588    33   1  0     =18.690   ~18.797
    14170   589    35   1  0     =18.690   ~18.792
    14190   590    37   1  0     ~18.694   ~19.430
    14200   591    38   1  0     =18.690   ~19.530
    14210   592    45   1  0     =18.690   ~19.487
    14220   593    47   1  0     =18.690   ~18.780
    14230   594    54   1  0     =18.690   ~18.694
    14240   595    45   1  0     =18.690   ~18.695
    14510   596    59   1  0     ~18.697   ~19.400
    14520   597    56   1  0     =18.690   ~18.695
    14530   598    54   1  0     =18.690   ~18.694
    14540   599    53   1  0     =18.690   ~18.691
    14570   600    52   1  0     ~18.785   ~18.694
    14580   601    51   1  0     =18.690   ~18.691
    14600   602    50   1  0     ~18.785   ~18.695
    14610   603    44   1  0     =18.690   ~18.695
    14640   604    45   1  0     ~18.691   ~18.697
    14650   605    46   1  0     =18.690   ~18.698
    14660   606    30   1  0     =18.690   ~18.698
    14700   607    37   1  0     ~18.695   ~19.520
    14710   608    38   1  0     =18.690   ~18.799
    14720   609    40   1  0     =18.690   ~18.796
    14730   610    42   1  0     =18.690   ~18.786
    14740   611    43   1  0     =18.690   ~18.780
    14770   612    42   1  0     ~18.780   ~18.694
    14780   613    40   1  0     =18.690   ~18.694
    14800   614    38   1  0     ~18.785   ~18.710
    14810   615    36   1  0     =18.690   ~18.708
    14820   616    35   1  0     =18.690   ~18.706
    14830   617    32   1  0     =18.690   ~18.705
    14840   618    25   1  0     =18.690   ~18.702
    14850   619    21   1  0     =18.690   ~18.700
    14860   620    16   1  0     =18.690   ~18.700
    14870   621     4   1  0     =18.690   ~18.698
    14880   622     0   1  0     =18.690   ~18.695
    14930   623    -1   1  0     ~18.780   ~18.693
    14960   624    -4   1  0     ~18.786   ~18.695
    15010   625    -6   1  0     ~18.781   ~18.697
    15020   626   -10   1  0     =18.690   ~18.697
    15030   627   -20   1  0     =18.690   ~18.695
    15070   628   -22   1  0     ~18.781   ~18.700
    15080   629   -25   1  0     =18.690   ~18.699
    15090   630   -42   1  0     =18.690   ~18.697
    15140   631   -46   1  0     ~18.786   ~18.695
    15170   632   -50   1  0     ~18.786   ~18.698
    15180   633   -49   1  0     =18.690   ~18.697
    15190   634   -70   1  0     =18.690   ~18.698
    15200   635   -69   1  0     =18.690   ~18.780
    15220   636   -71   1  0     ~18.781   ~18.695
    15230   637   -72   1  0     =18.690   ~18.694
    15240   638   -73   1  0     =18.690   ~18.693
    15270   639   -71   1  0     ~18.694   ~18.790
    15280   640   -67   1  0     =18.690   ~18.786
    15290   641   -66   1  0     =18.690   ~18.784
    15300   642   -64   1  0     =18.690   ~18.780
    15330   643   -65   1  0     ~18.706   ~18.695
    15340   644   -67   1  0     =18.690   ~18.694
    15380   645   -66   1  0     ~18.785   ~18.706
    15400   646   -65   1  0     ~18.693   ~18.706
    15480   647   -66   1  0     ~18.706   ~18.698
    15490   648   -67   1  0     =18.690   ~18.698
    15500   649   -70   1  0     =18.690   ~18.697
    15510   650   -76   1  0     =18.690   ~18.697
    15520   651   -80   1  0     =18.690   ~18.695
    15530   652   -86   1  0     =18.690   ~18.695
    15540   653   -92   1  0     =18.690   ~18.694
    15550   654   -95   1  0     =18.690   ~18.715
    15560   655   -99   1  0     =18.690   ~18.757
    15570   656  -104   1  0     =18.690   ~18.762
    15580   657  -106   1  0     =18.690   ~18.770
    15590   658  -103   1  0     =18.690   ~18.771
    15600   659   -99   1  0     =18.690   ~18.770
    15610   660   -96   1  0     =18.690   ~18.762
    15620   661   -92   1  0     =18.690   ~18.753
    15630   662   -90   1  0     =18.690   ~18.725
    15640   663   -89   1  0     =18.690   ~18.706
    15660   664   -88   1  0     ~18.693   ~18.760
    15670   665   -87   1  0     =18.690   ~18.755
    15680   666   -84   1  0     =18.690   ~18.751
    15690   667   -80   1  0     =18.690   ~18.731
    15700   668   -77   1  0     =18.690   ~18.693
    15710   669   -73   1  0     =18.690   ~18.694
    15720   670   -68   1  0     =18.690   ~18.695
    15730   671   -67   1  0     =18.690   ~18.695
    15740   672   -66   1  0     =18.690   ~18.695
    15750   673   -67   1  0     =18.690   ~18.695
    15760   674   -68   1  0     =18.690   ~18.695
    15770   675   -70   1  0     =18.690   ~18.695
    15780   676   -74   1  0     =18.690   ~18.695
    15790   677   -77   1  0     =18.690   ~18.695
    15800   678   -79   1  0     =18.690   ~18.695
    15810   679   -82   1  0     =18.690   ~18.694
    15820   680   -81   1  0     =18.690   ~18.690
    15830   681   -82   1  0     =18.690   ~18.693
    15860   682   -81   1  0     ~18.693   ~18.693
    15870   683   -82   1  0     =18.690   ~18.693
    15880   684   -83   1  0     =18.690   ~18.693
    15910   685   -79   1  0     ~18.694   ~18.712
    15930   686   -78   1  0     ~18.693   ~18.690
    15960   687   -81   1  0     ~18.706   ~18.694
    15970   688   -80   1  0     =18.690   ~18.690
    15980   689   -81   1  0     =18.690   ~18.693
    16060   690   -74   1  0     ~18.694   ~18.713
    16220   691   -83   1  0     ~18.692   ~18.695
    16230   692   -84   1  0     =18.690   ~18.695
    16240   693   -87   1  0     =18.690   ~18.695
    16250   694   -88   1  0     =18.690   ~18.695
    16260   695   -91   1  0     =18.690   ~18.694
    16270   696   -95   1  0     =18.690   ~18.694
    16280   697   -98   1  0     =18.690   ~18.693
    16300   698   -99   1  0     ~18.691   ~18.693
    16310   699   -98   1  0     =18.690   ~18.693
    16320   700   -97   1  0     =18.690   ~18.693
    16330   701   -95   1  0     =18.690   ~18.693
    16340   702   -94   1  0     =18.690   ~18.692
    16350   703   -86   1  0     =18.690   ~18.692
    16360   704   -85   1  0     =18.690   ~18.691
    16370   705   -84   1  0     =18.690   ~18.691
    16390   706   -82   1  0     ~18.693   ~18.691
    16420   707   -83   1  0     ~18.691   ~18.694
    16430   708   -85   1  0     =18.690   ~18.694
    16440   709   -89   1  0     =18.690   ~18.693
    16450   710   -90   1  0     =18.690   ~18.690
    16460   711   -89   1  0     =18.690   ~18.691
    16510   712   -65   1  0     ~18.694   ~18.694
    16520   713   -61   1  0     =18.690   ~18.701
    16530   714   -56   1  0     =18.690   ~18.711
    16540   715   -48   1  0     =18.690   ~18.719
    16550   716   -43   1  0     =18.690   ~18.733
    16560   717   -40   1  0     =18.690   ~18.750
    16570   718   -46   1  0     =18.690   ~18.813
    16580   719   -77   1  0     =18.690   ~18.742
    16590   720  -118   1  0     =18.690   ~18.695
    16600   721  -121   1  0     =18.690   ~18.693
    16610   722  -123   1  0     =18.690   ~18.693
    16630   723   -96   1  0     ~18.694   ~18.704
    16640   724   -65   1  0     =18.690   ~18.700
    16650   725   -24   1  0     =18.690   ~18.695
    16700   726     9   1  0     ~18.694   ~18.695
    16710   727    13   1  0     =18.690   ~18.693
    16720   728     6   1  0     =18.690   ~18.693
    16740   729   -11   1  0     ~18.693   ~18.695
    16750   730   -31   1  0     =18.690   ~18.695
    16760   731   -48   1  0     =18.690   ~18.693
    16770   732   -33   1  0     =18.690   ~18.693
    16800   733   -54   1  0     ~18.694   ~18.694
    16810   734   -63   1  0     =18.690   ~18.694
    16880   735   -62   1  0     ~18.692   ~18.693
    16890   736   -58   1  0     =18.690   ~18.693
    16900   737   -56   1  0     =18.690   ~18.693
    16910   738   -43   1  0     =18.690   ~18.692
    16960   739   -39   1  0     ~18.693   ~18.691
    16970   740   -38   1  0     =18.690   ~18.691
    16980   741   -37   1  0     =18.690   ~18.691
    17000   742   -36   1  0     ~18.690   ~18.691
    17010   743   -35   1  0     =18.690   ~18.691
    17030   744   -32   1  0     ~18.693   ~18.691
    17070   745   -28   1  0     ~18.693   ~18.691
    17090   746   -30   1  0     ~18.691   ~18.693
    17100   747   -31   1  0     =18.690   ~18.690
    17120   748   -34   1  0     ~18.691   ~18.691
    17130   749   -24   1  0     =18.690   ~18.692
    17170   750   -23   1  0     ~18.690   ~18.691
    17190   751   -15   1  0     ~18.693   ~18.693
    17200   752   -11   1  0     =18.690   ~18.692
    17210   753    -9   1  0     =18.690   ~18.692
    17220   754    -5   1  0     =18.690   ~18.691
    17230   755     0   1  0     =18.690   ~18.691
    17360   756     3   1  0     ~18.693   ~18.692
    17370   757     6   1  0     =18.690   ~18.692
    17380   758    13   1  0     =18.690   ~18.691
    17390   759    16   1  0     =18.690   ~18.691
    17410   760    18   1  0     ~18.693   ~18.693
    17420   761    17   1  0     =18.690   ~18.693
    17430   762    16   1  0     =18.690   ~18.693
    17440   763    12   1  0     =18.690   ~18.693
    17500   764    10   1  0     ~18.691   ~18.693
    17510   765     6   1  0     =18.690   ~18.693
    17520   766     3   1  0     =18.690   ~18.693
    17530   767     0   1  0     =18.690   ~18.692
    17640   768     1   1  0     ~18.690   ~18.692
    17650   769     6   1  0     =18.690   ~18.692
    17660   770     8   1  0     =18.690   ~18.691
    17670   771    12   1  0     =18.690   ~18.691
    17680   772    14   1  0     =18.690   ~18.691
    17690   773    16   1  0     =18.690   ~18.691
    17700   774    17   1  0     =18.690   ~18.691
    17710   775    24   1  0     =18.690   ~18.691
    17730   776    23   1  0     ~18.690   ~18.693
    17740   777    22   1  0     =18.690   ~18.692
    17750   778    18   1  0     =18.690   ~18.692
    17800   779    17   1  0     ~18.690   ~18.693
    17810   780    14   1  0     =18.690   ~18.690
    17850   781    13   1  0     ~18.690   ~18.690
    17900   782    12   1  0     ~18.690   ~18.690
    18020   783    13   1  0     ~18.690   ~18.691
    18030   784    15   1  0     =18.690   ~18.691
    18040   785    19   1  0     =18.690   ~18.691
    18050   786    20   1  0     =18.690   ~18.691
    18060   787    23   1  0     =18.690   ~18.691
    18070   788    26   1  0     =18.690   ~18.691
    18080   789    28   1  0     =18.690   ~18.690
    18100   790    30   1  0     ~18.690   ~18.690
    18110   791    32   1  0     =18.690   ~18.690
    18170   792    30   1  0     ~18.690   ~18.690
    18190   793    28   1  0     ~18.690   ~18.690
    18200   794    31   1  0     =18.690   ~18.690
    18390   795    27   1  0     ~18.690   ~18.690
    18640   796    35   1  0     ~18.690   ~18.690
    18810   797     0   1  0     ~18.690   =18.690
  survivors 1060/1594 = 66.5%  (RAW, includes no-ops)
  no-ops    558/1594 = 35.0%  (legalised back to the base tape; carry no information)
  REAL      502/1036 = 48.5%  <- survival over moves that actually changed the tape
oracle calls: 1595
