Starting Trackmania date=2026-05-15_18_00 git=128182-0de74ece09e GameVersion=3.3.0...
WARNING: No system configuration file
Starting validation of 1 ghosts (in 1 maps)... 
Validating batch of g.Ghost.Gbx on map 'Summer 2026 - 01' (batch size = 1)...
FKSHIM input_fault rip 94712793162089
FKSHIM input_fault rdi 1190
FKSHIM input_fault rsi 119
FKSHIM input_fault rdx 94712907800864
FKSHIM input_fault rcx 3808
FKSHIM input_fault r8 10
FKSHIM input_fault r9 0
FKSHIM input_fault rax 94712907748328
FKSHIM input_fault rbx 3390
FKSHIM input_fault r12 139740640706569
FKSHIM input_fault r13 94712907747936
FKSHIM input_fault r14 94712907735344
FKSHIM input_fault r15 0
FKSHIM input_fault rbp 140721717640800
FKSHIM input_fault rsp 140721717640800
FKSHIM input_fault module_base 94712774684672
FKSHIM input_fault frame 0 94712793665422
FKSHIM input_fault frame 1 94712793085643
FKSHIM input_fault frame 2 94712801568297
FKSHIM input_fault frame 3 94712801570655
FKSHIM input_fault frame 4 94712802530110
FKSHIM input_fault frame 5 94712784210174
FKSHIM input_fault frame 6 94712784184890
FKSHIM input_fault frame 7 94712782636141
FKSHIM input_fault frame 8 139740775097872
